============================================================================================
median relative slope error, and median stopping index, by rule
   OLD = threshold sqrt(tr Ahat / n)   NEW = threshold sqrt(tr Vhat / n)
   n = 1000, R = 300
============================================================================================
     index   theta |   OLD err  OLD m |   NEW err  NEW m |    gain
       1.5     0.0 |    0.1143    3.0 |    0.1474    2.0 |   0.78x
       1.5     0.5 |    0.1087    2.0 |    0.0794    3.0 |   1.37x
       1.5     1.0 |    0.0872    2.0 |    0.0736    3.0 |   1.19x
       1.5     2.0 |    0.1653    1.0 |    0.0930    2.0 |   1.78x
       2.5     0.0 |    0.1002    2.0 |    0.0956    2.0 |   1.05x
       2.5     0.5 |    0.0904    2.0 |    0.0896    2.0 |   1.01x
       2.5     1.0 |    0.0865    2.0 |    0.0873    2.0 |   0.99x
       2.5     2.0 |    0.1682    1.0 |    0.0987    2.0 |   1.70x
       4.0     0.0 |    0.0916    2.0 |    0.0920    2.0 |   1.00x
       4.0     0.5 |    0.0904    2.0 |    0.0907    2.0 |   1.00x
       4.0     1.0 |    0.0928    2.0 |    0.0906    2.0 |   1.02x
       4.0     2.0 |    0.1686    1.0 |    0.1031    2.0 |   1.64x

   gain > 1 means the noise-level threshold estimates better.
wrote two-moments/results/a1_6_discrepancy.json
