====================================================================================
n = 1000, R = 1500, c = 0.716, nominal 5%, s.e. = 0.0056, tol [0.039, 0.061]
====================================================================================
       theta   index       size    power raw   power s.c.   raw vs BCT
    0.0(BCT)     1.2     0.012*        0.303        0.893        1.00x
    0.0(BCT)     1.5     0.029*        0.517        0.826        1.00x
    0.0(BCT)     1.8     0.034*        0.697        0.838        1.00x
    0.5          1.2     0.056         0.589        1.000        1.94x
    0.5          1.5     0.051         0.825        0.999        1.60x
    0.5          1.8     0.056         0.891        0.967        1.28x
    1.0          1.2     0.061         0.934        0.999        3.09x
    1.0          1.5     0.049         0.920        0.945        1.78x
    1.0          1.8     0.051         0.801        0.811        1.15x

====================================================================================
n = 4000, R = 1500, c = 0.716, nominal 5%, s.e. = 0.0056, tol [0.039, 0.061]
====================================================================================
       theta   index       size    power raw   power s.c.   raw vs BCT
    0.0(BCT)     1.5     0.032*        0.560        0.887        1.00x
    0.5          1.5     0.049         0.848        1.000        1.51x
    1.0          1.5     0.057         0.941        0.949        1.68x

   * = size outside +-2 s.e. of nominal
wrote two-moments/results/a1_7_power_confirm.json
