==============================================================================
empirical size, nominal 5%   n = 1000, R = 2500, s.e. = 0.0044
tolerance +-2 s.e. = [0.0413, 0.0587]
==============================================================================
       theta |   idx 2.5   idx 3.0   idx 3.5   idx 5.0   idx 8.0
------------------------------------------------------------------
  0.0 (BCT)     |    0.092*    0.064*    0.058     0.050     0.053 
  1.0           |    0.045     0.040*    0.055     0.050     0.048 
  2.0(sign)     |    0.066*    0.070*    0.058     0.065*    0.077*
   * = outside +-2 s.e. of nominal

==============================================================================
empirical size, nominal 5%   n = 4000, R = 2500, s.e. = 0.0044
tolerance +-2 s.e. = [0.0413, 0.0587]
==============================================================================
       theta |   idx 2.5   idx 3.0   idx 3.5   idx 5.0   idx 8.0
------------------------------------------------------------------
  0.0 (BCT)     |    0.071*    0.053     0.050     0.047     0.046 
  1.0           |    0.050     0.044     0.052     0.050     0.044 
  2.0(sign)     |    0.041*    0.034*    0.046     0.053     0.045 
   * = outside +-2 s.e. of nominal

wrote two-moments/results/a2_size_confirm.json
