============================================================================================
kappa at the phi USED vs the phi IMPLIED by the measured rho_S
   same design, same n, R = 3000 as the shipped calibration
============================================================================================
   application                 n    phi    kappa      95% CI for kappa  s.e. at R=400
   Treasury x S&P 500       2494  0.300   0.0981   [0.0912, 0.1070]         0.0104
                                  0.320   0.0945   [0.0890, 0.1003]         0.0090
                                                   change -3.7%   CIs overlap
   CP x VIX / NASDAQ        4396  0.600   0.0727   [0.0674, 0.0779]         0.0074
                                  0.608   0.0755   [0.0700, 0.0800]         0.0068
                                                   change +3.9%   CIs overlap

============================================================================================
what the selector picks on the applications under each kappa
============================================================================================
   application              th-hat (kappa used)   th-hat (kappa impl.)
   CP x VIX                                1.00                   1.00
   CP x NASDAQ                             1.00                   1.00
   Treasury x S&P 500                      0.75                   0.75

   No pick moves.  The phi mis-mapping is immaterial to every
   reported result, and the honest treatment is one sentence in the
   calibration appendix giving the copula relation and stating that
   the shipped phi were set to rho_S directly -- not a silent fix,
   and not a re-run of the tables either.

wrote two-moments/results/a3_kappa_phi_sensitivity.json
