==============================================================================
Estimation tables recomputed under the SPLIT stopping rule
seed 20260904   rho=0.35   m0=3
==============================================================================

tab:est -- median relative slope error, n=1000, 400 replications
      theta          a=2.5     a=3.0     a=3.5     a=5.0     a=8.0
      0.0            0.093     0.096     0.092     0.094     0.094
      0.5            0.090     0.090     0.090     0.092     0.094
      1.0            0.090     0.088     0.090     0.091     0.095
      1.5            0.091     0.092     0.094     0.097     0.099
      2.0            0.098     0.100     0.100     0.109     0.110
      steps              2         2         2         2         2   (theta=1)

   best theta relative to the theta=0 baseline, by index:
      a=2.5: 0.963   a=3.0: 0.921   a=3.5: 0.976   a=5.0: 0.962   a=8.0: 1.000
   range 0.921 to 1.000 -- the negative result HOLDS under the new rule

tab:est2 -- tail index 1.5, 200 replications
      theta          n=500    n=2000    n=8000   n=32000    ratio
      0.0           0.1296    0.1044    0.0924    0.1005    0.775
      0.5           0.1003    0.0649    0.0473    0.0363    0.362
      1.0           0.0951    0.0548    0.0425    0.0251    0.264
      2.0           0.1171    0.0828    0.0542    0.0383    0.327
   baseline (theta=0) has the largest ratio, i.e. it stalls: yes
   At theta=0 and index 1.5, tr V_0 = infinity: the threshold estimates a
   quantity that does not exist, and the stall is the scope condition
   becoming visible rather than a defect of the rule.

control -- tail index 3.0, every theta admissible, 200 replications
      theta          n=500    n=2000    n=8000   n=32000
      0.0           0.1043    0.0834    0.0482    0.0418
      0.5           0.0986    0.0837    0.0466    0.0404
      1.0           0.1015    0.0829    0.0489    0.0395
      2.0           0.1261    0.0842    0.0661    0.0410
   spread at n=32000: 0.0023   (at index 1.5 the columns separate by a factor of 4.00)
   columns close at index 3.0: yes

==============================================================================
ALL PASS
==============================================================================
