==============================================================================
Estimation tables recomputed under the SPLIT stopping rule
seed 20260904   rho=0.35   m0=3   tau=1.01   delta=0.1   multiplier tau*sqrt(2/delta)=4.517
==============================================================================

tab:est -- median relative slope error, n=1000, 400 replications
      theta          a=2.5     a=3.0     a=3.5     a=5.0     a=8.0
      0.0            0.167     0.205     0.215     0.220     0.221
      0.5            0.183     0.205     0.209     0.211     0.212
      1.0            0.200     0.203     0.202     0.200     0.204
      1.5            0.193     0.193     0.194     0.193     0.194
      2.0            0.182     0.183     0.182     0.182     0.183
   median stopping index by theta (rows) and index (columns):
      0.0                1         1         1         1         1
      0.5                1         1         1         1         1
      1.0                1         1         1         1         1
      1.5                1         1         1         1         1
      2.0                1         1         1         1         1

   best theta relative to the theta=0 baseline, by index:
      a=2.5: 1.000   a=3.0: 0.895   a=3.5: 0.845   a=5.0: 0.825   a=8.0: 0.828
   range 0.825 to 1.000 -- within eight per cent of the baseline: NO; a constant factor (no theta below 0.75x): yes

tab:est2 -- tail index 1.5, 200 replications
      theta          n=500    n=2000    n=8000   n=32000    ratio
      0.0           0.2107    0.1703    0.1525    0.1518    0.720
      0.5           0.1582    0.1073    0.0858    0.0595    0.376
      1.0           0.1769    0.0842    0.0774    0.0392    0.222
      2.0           0.1888    0.1826    0.0699    0.0673    0.356
   baseline (theta=0) has the largest ratio, i.e. it stalls: yes
   At theta=0 and index 1.5, tr V_0 = infinity: the threshold estimates a
   quantity that does not exist, and the stall is the scope condition
   becoming visible rather than a defect of the rule.

control -- tail index 3.0, every theta admissible, 200 replications
      theta          n=500    n=2000    n=8000   n=32000
      0.0           0.2247    0.0934    0.0854    0.0835
      0.5           0.2168    0.0853    0.0805    0.0795
      1.0           0.2045    0.0851    0.0771    0.0757
      2.0           0.1877    0.1795    0.0717    0.0686
   spread at n=32000: 0.0150   (at index 1.5 the columns separate by a factor of 3.87)
   columns close at index 3.0: yes

==============================================================================
ALL PASS
==============================================================================
